---
source: src/tests/cases/ui.rs
expression: "&terminal_draw_events_mirror[1]"
---
                                                                                                                                                                                              
                                                                                                                                                                                              
 █████████████████████████████████████████████████████████████████████████████████████████████████████████████████████████████████████████████                                                
 █████████████████████████████████████████████████████████████████████████████████████████████████████████████████████████████████████████████                                                
 █████████████████████████████████████████████████████████████████████████████████████████████████████████████████████████████████████████████                                                
 █████████████████████████████████████████████████████████████████████████████████████████████████████████████████████████████████████████████                                                
 █████████████████████████████████████████████████████████████████████████████████████████████████████████████████████████████████████████████                                                
 █████████████████████████████████████████████████████████████████████████████████████████████████████████████████████████████████████████████                                                
 █████████████████████████████████████████████████████████████████████████████████████████████████████████████████████████████████████████████                                                
 █████████████████████████████████████████████████████████████████████████████████████████████████████████████████████████████████████████████                                                
 █████████████████████████████████████████████████████████████████████████████████████████████████████████████████████████████████████████████                                                
 █████████████████████████████████████████████████████████████████████████████████████████████████████████████████████████████████████████████                                                
 █████████████████████████████████████████████████████████████████████████████████████████████████████████████████████████████████████████████                                                
 █████████████████████████████████████████████████████████████████████████████████████████████████████████████████████████████████████████████                                                
 █████████████████████████████████████████████████████████████████████████████████████████████████████████████████████████████████████████████                                                
 █████████████████████████████████████████████████████████████████████████████████████████████████████████████████████████████████████████████                                                
 █████████████████████████████████████████████████████████████████████████████████████████████████████████████████████████████████████████████                                                
 █████████████████████████████████████████████████████████████████████████████████████████████████████████████████████████████████████████████                                                
 █████████████████████████████████████████████████████████████████████████████████████████████████████████████████████████████████████████████                                                
 █████████████████████████████████████████████████████████████████████████████████████████████████████████████████████████████████████████████                                                
 █████████████████████████████████████████████████████████████████████████████████████████████████████████████████████████████████████████████                                                
 █████████████████████████████████████████████████████████████████████████████████████████████████████████████████████████████████████████████                                                
 █████████████████████████████████████████████████████████████████████████████████████████████████████████████████████████████████████████████                                                
 ████████████████████████████████████████████████████████many_files/ (+3 descendants)█████████████████████████████████████████████████████████                                                
 █████████████████████████████████████████████████████████████████████████████████████████████████████████████████████████████████████████████                                                
 ████████████████████████████████████████████████████████████3 files (75%) [3.0K]█████████████████████████████████████████████████████████████                                                
 █████████████████████████████████████████████████████████████████████████████████████████████████████████████████████████████████████████████                                                
 █████████████████████████████████████████████████████████████████████████████████████████████████████████████████████████████████████████████                                                
 █████████████████████████████████████████████████████████████████████████████████████████████████████████████████████████████████████████████                                                
 █████████████████████████████████████████████████████████████████████████████████████████████████████████████████████████████████████████████                                                
 █████████████████████████████████████████████████████████████████████████████████████████████████████████████████████████████████████████████                                                
 █████████████████████████████████████████████████████████████████████████████████████████████████████████████████████████████████████████████                                                
 █████████████████████████████████████████████████████████████████████████████████████████████████████████████████████████████████████████████                                                
 █████████████████████████████████████████████████████████████████████████████████████████████████████████████████████████████████████████████                                                
 █████████████████████████████████████████████████████████████████████████████████████████████████████████████████████████████████████████████                                                
 █████████████████████████████████████████████████████████████████████████████████████████████████████████████████████████████████████████████                                                
 █████████████████████████████████████████████████████████████████████████████████████████████████████████████████████████████████████████████                                                
 █████████████████████████████████████████████████████████████████████████████████████████████████████████████████████████████████████████████                                                
 █████████████████████████████████████████████████████████████████████████████████████████████████████████████████████████████████████████████                                                
 █████████████████████████████████████████████████████████████████████████████████████████████████████████████████████████████████████████████                                                
 █████████████████████████████████████████████████████████████████████████████████████████████████████████████████████████████████████████████                                                
 █████████████████████████████████████████████████████████████████████████████████████████████████████████████████████████████████████████████                                                
 █████████████████████████████████████████████████████████████████████████████████████████████████████████████████████████████████████████████                                                
 █████████████████████████████████████████████████████████████████████████████████████████████████████████████████████████████████████████████                                                
 █████████████████████████████████████████████████████████████████████████████████████████████████████████████████████████████████████████████                                                
 █████████████████████████████████████████████████████████████████████████████████████████████████████████████████████████████████████████████                                                
 █████████████████████████████████████████████████████████████████████████████████████████████████████████████████████████████████████████████                                                
                                                                                                                                                                                              
 SELECTED: many_files (3 files, 3.0K)                                                                                                                                                         
                                                                                                                                                                                              

