---
source: src/tests/cases/ui.rs
expression: "&terminal_draw_events_mirror[0]"
---
 Total: 4 files, removed: 0 files (11.0K) | /tmp/diskonaut_tests/count_mode_prefers_file_rich_folders                                                                                         
┌─────────────────────────────────────────────────────────────────────────────────────────────────────────────────────────────────────────────┬──────────────────────────────────────────────┐
│                                                                                                                                             │                                              │
│                                                                                                                                             │                                              │
│                                                                                                                                             │                                              │
│                                                                                                                                             │                                              │
│                                                                                                                                             │                                              │
│                                                                                                                                             │                                              │
│                                                                                                                                             │                                              │
│                                                                                                                                             │                                              │
│                                                                                                                                             │                                              │
│                                                                                                                                             │                                              │
│                                                                                                                                             │                                              │
│                                                                                                                                             │                                              │
│                                                                                                                                             │                                              │
│                                                                                                                                             │                                              │
│                                                                                                                                             │                                              │
│                                                                                                                                             │                                              │
│                                                                                                                                             │                                              │
│                                                                                                                                             │                                              │
│                                                                                                                                             │                                              │
│                                                                                                                                             │                                              │
│                                                                                                                                             │                                              │
│                                                        many_files/ (+3 descendants)                                                         │                  large_file                  │
│                                                                                                                                             │                                              │
│                                                                 3.0K (75%)                                                                  │                  8.0K (25%)                  │
│                                                                                                                                             │                                              │
│                                                                                                                                             │                                              │
│                                                                                                                                             │                                              │
│                                                                                                                                             │                                              │
│                                                                                                                                             │                                              │
│                                                                                                                                             │                                              │
│                                                                                                                                             │                                              │
│                                                                                                                                             │                                              │
│                                                                                                                                             │                                              │
│                                                                                                                                             │                                              │
│                                                                                                                                             │                                              │
│                                                                                                                                             │                                              │
│                                                                                                                                             │                                              │
│                                                                                                                                             │                                              │
│                                                                                                                                             │                                              │
│                                                                                                                                             │                                              │
│                                                                                                                                             │                                              │
│                                                                                                                                             │                                              │
│                                                                                                                                             │                                              │
│                                                                                                                                             │                                              │
│                                                                                                                                             │                                              │
└─────────────────────────────────────────────────────────────────────────────────────────────────────────────────────────────────────────────┴──────────────────────────────────────────────┘
                                                                                                                                                                                              
 <arrows> - move around, <ENTER> - enter folder, <ESC> - parent folder, <BACKSPACE> - delete, <+/-/0> - zoom in/out/reset, <q> - quit                                                         

