---
source: src/tests/cases/ui.rs
expression: "&terminal_draw_events_mirror[0]"
---
 Total: 4 files, removed: 0 files (7.0K) | /tmp/diskonaut_tests/count_mode_updates_removed_files                                                                                              
┌─────────────────────────────────────────────────────────────────────────────────────────────────────────────────────────────────────────────┬──────────────────────────────────────────────┐
│                                                                                                                                             │                                              │
│                                                                                                                                             │                                              │
│                                                                                                                                             │                                              │
│                                                                                                                                             │                                              │
│                                                                                                                                             │                                              │
│                                                                                                                                             │                                              │
│                                                                                                                                             │                                              │
│                                                                                                                                             │                                              │
│                                                                                                                                             │                                              │
│                                                                                                                                             │                                              │
│                                                                                                                                             │                                              │
│                                                                                                                                             │                                              │
│                                                                                                                                             │                                              │
│                                                                                                                                             │                                              │
│                                                                                                                                             │                                              │
│                                                                                                                                             │                                              │
│                                                                                                                                             │                                              │
│                                                                                                                                             │                                              │
│                                                                                                                                             │                                              │
│                                                                                                                                             │                                              │
│                                                                                                                                             │                                              │
│                                                        many_files/ (+3 descendants)                                                         │                  other_file                  │
│                                                                                                                                             │                                              │
│                                                                 3.0K (75%)                                                                  │                  4.0K (25%)                  │
│                                                                                                                                             │                                              │
│                                                                                                                                             │                                              │
│                                                                                                                                             │                                              │
│                                                                                                                                             │                                              │
│                                                                                                                                             │                                              │
│                                                                                                                                             │                                              │
│                                                                                                                                             │                                              │
│                                                                                                                                             │                                              │
│                                                                                                                                             │                                              │
│                                                                                                                                             │                                              │
│                                                                                                                                             │                                              │
│                                                                                                                                             │                                              │
│                                                                                                                                             │                                              │
│                                                                                                                                             │                                              │
│                                                                                                                                             │                                              │
│                                                                                                                                             │                                              │
│                                                                                                                                             │                                              │
│                                                                                                                                             │                                              │
│                                                                                                                                             │                                              │
│                                                                                                                                             │                                              │
│                                                                                                                                             │                                              │
└─────────────────────────────────────────────────────────────────────────────────────────────────────────────────────────────────────────────┴──────────────────────────────────────────────┘
                                                                                                                                                                                              
 <arrows> - move around, <ENTER> - enter folder, <ESC> - parent folder, <BACKSPACE> - delete, <+/-/0> - zoom in/out/reset, <q> - quit                                                         

